// Jest Snapshot v1, https://goo.gl/fbAQLP

exports[`Logo renders without blowing up 1`] = `
<div
  className="logo-container--is-loading-fonts logo-container"
  style={Object {}}
>
  <span>
    Component Browser
  </span>
</div>
`;
